HALLO
A H L O 
1 1 2 1 
MFQQT
F M Q T 
1 1 2 1 
Welt
\jqy
